// Jest Snapshot v1, https://goo.gl/fbAQLP

exports[`snapshot 1`] = `
<RCTSafeAreaView>
  <Text
    style={
      {
        "fontSize": 27,
        "marginLeft": 130,
        "top": 20,
      }
    }
  >
    Place Order
  </Text>
  <View
    style={
      {
        "alignItems": "center",
        "justifyContent": "center",
        "marginTop": 50,
      }
    }
  >
    <Text
      style={
        {
          "fontSize": 18,
          "fontWeight": "600",
          "marginLeft": -240,
          "marginRight": 20,
          "top": -13,
        }
      }
    >
      Select Site
    </Text>
    <View>
      <View
        accessibilityState={
          {
            "busy": undefined,
            "checked": undefined,
            "disabled": undefined,
            "expanded": undefined,
            "selected": undefined,
          }
        }
        accessibilityValue={
          {
            "max": undefined,
            "min": undefined,
            "now": undefined,
            "text": undefined,
          }
        }
        accessible={true}
        collapsable={false}
        focusable={true}
        onClick={[Function]}
        onResponderGrant={[Function]}
        onResponderMove={[Function]}
        onResponderRelease={[Function]}
        onResponderTerminate={[Function]}
        onResponderTerminationRequest={[Function]}
        onStartShouldSetResponder={[Function]}
        style={
          {
            "borderColor": "#ffa366",
            "borderRadius": 10,
            "borderWidth": 1,
            "flexDirection": "row",
            "height": 50,
            "justifyContent": "space-between",
            "opacity": 1,
            "paddingHorizontal": 20,
            "paddingVertical": 12,
            "top": -10,
            "width": 350,
          }
        }
      >
        <Text
          style={
            [
              {
                "fontFamily": undefined,
              },
              undefined,
            ]
          }
        >
          Select supplier
        </Text>
        <Image
          resizeMode="contain"
          source={1}
          style={
            {
              "height": 20,
              "width": 20,
            }
          }
        />
      </View>
    </View>
  </View>
  <View
    style={
      {
        "alignItems": "center",
        "justifyContent": "center",
      }
    }
  >
    <View
      accessibilityState={
        {
          "busy": undefined,
          "checked": undefined,
          "disabled": undefined,
          "expanded": undefined,
          "selected": undefined,
        }
      }
      accessibilityValue={
        {
          "max": undefined,
          "min": undefined,
          "now": undefined,
          "text": undefined,
        }
      }
      accessible={true}
      collapsable={false}
      focusable={true}
      onClick={[Function]}
      onResponderGrant={[Function]}
      onResponderMove={[Function]}
      onResponderRelease={[Function]}
      onResponderTerminate={[Function]}
      onResponderTerminationRequest={[Function]}
      onStartShouldSetResponder={[Function]}
      style={
        {
          "opacity": 1,
        }
      }
    >
      <Text
        style={
          {
            "fontSize": 18,
            "fontWeight": "600",
            "marginLeft": 15,
          }
        }
      >
        Required date
      </Text>
      <Modal
        animationType="none"
        hardwareAccelerated={false}
        isVisible={false}
        onHide={[Function]}
        transparent={true}
        visible={false}
      />
      <TextInput
        placeholder="date"
        style={
          {
            "borderColor": "#ffa366",
            "borderRadius": 8,
            "borderWidth": 1,
            "height": 50,
            "margin": 12,
            "padding": 10,
            "width": 350,
          }
        }
        value="required Date"
      />
    </View>
  </View>
  <View
    style={
      {
        "alignItems": "center",
        "justifyContent": "center",
      }
    }
  >
    <Text
      style={
        {
          "bottom": 8,
          "fontSize": 18,
          "fontWeight": "600",
          "marginLeft": -230,
        }
      }
    >
      Select product
    </Text>
    <View>
      <View
        accessibilityState={
          {
            "busy": undefined,
            "checked": undefined,
            "disabled": undefined,
            "expanded": undefined,
            "selected": undefined,
          }
        }
        accessibilityValue={
          {
            "max": undefined,
            "min": undefined,
            "now": undefined,
            "text": undefined,
          }
        }
        accessible={true}
        collapsable={false}
        focusable={true}
        onClick={[Function]}
        onResponderGrant={[Function]}
        onResponderMove={[Function]}
        onResponderRelease={[Function]}
        onResponderTerminate={[Function]}
        onResponderTerminationRequest={[Function]}
        onStartShouldSetResponder={[Function]}
        style={
          {
            "borderColor": "#ffa366",
            "borderRadius": 10,
            "borderWidth": 1,
            "flexDirection": "row",
            "height": 50,
            "justifyContent": "space-between",
            "opacity": 1,
            "paddingHorizontal": 20,
            "paddingVertical": 12,
            "width": 350,
          }
        }
      >
        <Text
          style={
            [
              {
                "fontFamily": undefined,
              },
              undefined,
            ]
          }
        >
          Select product
        </Text>
        <Image
          resizeMode="contain"
          source={1}
          style={
            {
              "height": 20,
              "width": 20,
            }
          }
        />
      </View>
    </View>
  </View>
  <View
    style={
      {
        "alignItems": "center",
        "justifyContent": "center",
      }
    }
  >
    <Text
      style={
        {
          "bottom": 3,
          "fontSize": 18,
          "fontWeight": "600",
          "marginLeft": -280,
          "marginRight": -45,
          "marginTop": 13,
        }
      }
    >
      Select supplier
    </Text>
    <View>
      <View
        accessibilityState={
          {
            "busy": undefined,
            "checked": undefined,
            "disabled": undefined,
            "expanded": undefined,
            "selected": undefined,
          }
        }
        accessibilityValue={
          {
            "max": undefined,
            "min": undefined,
            "now": undefined,
            "text": undefined,
          }
        }
        accessible={true}
        collapsable={false}
        focusable={true}
        onClick={[Function]}
        onResponderGrant={[Function]}
        onResponderMove={[Function]}
        onResponderRelease={[Function]}
        onResponderTerminate={[Function]}
        onResponderTerminationRequest={[Function]}
        onStartShouldSetResponder={[Function]}
        style={
          {
            "borderColor": "#ffa366",
            "borderRadius": 10,
            "borderWidth": 1,
            "flexDirection": "row",
            "height": 50,
            "justifyContent": "space-between",
            "marginTop": 5,
            "opacity": 1,
            "paddingHorizontal": 20,
            "paddingVertical": 12,
            "width": 350,
          }
        }
      >
        <Text
          style={
            [
              {
                "fontFamily": undefined,
              },
              undefined,
            ]
          }
        >
          Select supplier
        </Text>
        <Image
          resizeMode="contain"
          source={1}
          style={
            {
              "height": 20,
              "width": 20,
            }
          }
        />
      </View>
    </View>
  </View>
  <View
    style={
      {
        "alignItems": "center",
        "justifyContent": "center",
        "marginTop": 3,
      }
    }
  >
    <Text
      style={
        {
          "fontSize": 18,
          "fontWeight": "600",
          "marginLeft": -280,
        }
      }
    >
      Quantity
    </Text>
    <TextInput
      onChangeText={[Function]}
      placeholder="Quantity"
      style={
        {
          "borderColor": "#ffa366",
          "borderRadius": 8,
          "borderWidth": 1,
          "height": 50,
          "margin": 12,
          "padding": 10,
          "width": 350,
        }
      }
    />
  </View>
  <View
    style={
      {
        "marginLeft": 180,
      }
    }
  >
    <View
      accessibilityState={
        {
          "busy": undefined,
          "checked": undefined,
          "disabled": undefined,
          "expanded": undefined,
          "selected": undefined,
        }
      }
      accessibilityValue={
        {
          "max": undefined,
          "min": undefined,
          "now": undefined,
          "text": undefined,
        }
      }
      accessible={true}
      collapsable={false}
      focusable={true}
      onClick={[Function]}
      onResponderGrant={[Function]}
      onResponderMove={[Function]}
      onResponderRelease={[Function]}
      onResponderTerminate={[Function]}
      onResponderTerminationRequest={[Function]}
      onStartShouldSetResponder={[Function]}
      style={
        {
          "backgroundColor": "#ffe6cc",
          "borderRadius": 50,
          "height": 50,
          "justifyContent": "center",
          "opacity": 1,
          "width": 50,
        }
      }
    >
      <Text
        allowFontScaling={false}
        selectable={false}
        style={
          [
            {
              "color": "#4F8EF7",
              "fontSize": 32,
            },
            {
              "color": "#00004d",
              "marginLeft": 10,
            },
            {
              "fontFamily": "ionicons",
              "fontStyle": "normal",
              "fontWeight": "normal",
            },
            {},
          ]
        }
      >
        
      </Text>
    </View>
    <Text
      style={
        {
          "bottom": 34,
          "color": "gray",
          "marginLeft": 60,
        }
      }
    >
      Add more products
    </Text>
  </View>
  <View
    style={
      {
        "color": "#ffa366",
        "gap": 5,
        "marginLeft": 80,
        "marginRight": 80,
        "marginTop": 10,
      }
    }
  >
    <View
      accessibilityRole="button"
      accessibilityState={
        {
          "busy": undefined,
          "checked": undefined,
          "disabled": undefined,
          "expanded": undefined,
          "selected": undefined,
        }
      }
      accessibilityValue={
        {
          "max": undefined,
          "min": undefined,
          "now": undefined,
          "text": undefined,
        }
      }
      accessible={true}
      collapsable={false}
      focusable={true}
      onClick={[Function]}
      onResponderGrant={[Function]}
      onResponderMove={[Function]}
      onResponderRelease={[Function]}
      onResponderTerminate={[Function]}
      onResponderTerminationRequest={[Function]}
      onStartShouldSetResponder={[Function]}
      style={
        {
          "opacity": 1,
        }
      }
    >
      <View
        style={
          [
            {},
          ]
        }
      >
        <Text
          style={
            [
              {
                "color": "#007AFF",
                "fontSize": 18,
                "margin": 8,
                "textAlign": "center",
              },
              {
                "color": "#ffa366",
              },
            ]
          }
        >
          Next
        </Text>
      </View>
    </View>
  </View>
</RCTSafeAreaView>
`;
